// Vitest Snapshot v1

exports[`Page Process > pageMap en-US 1`] = `
[
  [
    {
      "locale": "",
      "name": "404",
      "route": "/404",
    },
    {
      "locale": "",
      "name": "500",
      "route": "/500",
    },
    {
      "locale": "en-US",
      "meta": {
        "404": {
          "theme": {
            "timestamp": false,
          },
          "type": "page",
        },
        "500": {
          "theme": {
            "layout": "full",
            "timestamp": false,
          },
          "type": "page",
        },
        "about": {
          "items": {
            "a-page": {
              "title": "A Page",
            },
            "acknowledgement": {
              "title": "Acknowledgement",
            },
            "contributors": {
              "href": "https://github.com/vercel/swr/graphs/contributors",
              "newWindow": true,
              "title": "Contributors",
            },
            "team": {
              "title": "Team",
            },
          },
          "title": "About",
          "type": "menu",
        },
        "blog": {
          "theme": {
            "breadcrumb": false,
            "footer": true,
            "sidebar": false,
            "toc": true,
            "typesetting": "article",
          },
          "title": "Blog",
          "type": "page",
        },
        "docs": {
          "theme": {
            "toc": true,
          },
          "title": "Docs",
          "type": "page",
        },
        "examples": {
          "theme": {
            "layout": "full",
          },
          "title": "Examples",
          "type": "page",
        },
        "index": {
          "hidden": true,
          "title": "Introduction",
          "type": "page",
        },
        "nextra_link": {
          "href": "https://github.com/shuding/nextra",
          "newWindow": true,
          "title": "Nextra ‚Üó",
          "type": "page",
        },
      },
      "name": "_meta.json",
    },
    {
      "children": [
        {
          "locale": "en-US",
          "meta": {
            "a-page": {
              "hidden": true,
              "theme": {
                "layout": "raw",
              },
              "title": "A Page",
              "type": "page",
            },
            "acknowledgement": "üß© Acknowledgement",
            "team": "üë• Team",
          },
          "name": "_meta.json",
        },
        {
          "locale": "en-US",
          "name": "a-page",
          "route": "/about/a-page",
        },
        {
          "locale": "en-US",
          "name": "acknowledgement",
          "route": "/about/acknowledgement",
        },
        {
          "locale": "en-US",
          "name": "team",
          "route": "/about/team",
        },
      ],
      "name": "about",
      "route": "/about",
    },
    {
      "children": [
        {
          "locale": "en-US",
          "meta": {
            "swr-v1": {
              "theme": {
                "breadcrumb": true,
              },
              "title": "Announcing SWR 1.0",
            },
          },
          "name": "_meta.json",
        },
        {
          "frontMatter": {
            "description": "Almost 2 years ago we open sourced SWR, the tiny data-fetching React library that people love. Today we are reaching another milestone: the 1.0 version of SWR.",
            "image": "https://assets.vercel.com/image/upload/v1630059453/swr/v1.png",
          },
          "locale": "en-US",
          "name": "swr-v1",
          "route": "/blog/swr-v1",
        },
      ],
      "name": "blog",
      "route": "/blog",
    },
    {
      "frontMatter": {
        "searchable": false,
      },
      "locale": "en-US",
      "name": "blog",
      "route": "/blog",
    },
    {
      "children": [
        {
          "locale": "en-US",
          "name": "404-500",
          "route": "/docs/404-500",
        },
        {
          "locale": "en-US",
          "meta": {
            "--- hey": {
              "title": "Getting Started",
              "type": "separator",
            },
            "--- my_new_separator": {
              "title": "Advanced",
              "type": "separator",
            },
            "404-500": "404/500 Custom Error Pages",
            "advanced": {
              "title": "Advanced",
            },
            "arguments": "Arguments",
            "change-log": {
              "theme": {
                "sidebar": false,
              },
              "title": "Change Log",
            },
            "conditional-fetching": "Conditional Data Fetching",
            "data-fetching": "Data Fetching",
            "error-handling": {
              "hidden": true,
              "title": "Error Handling",
            },
            "getting-started": "Getting Started",
            "github_link": {
              "href": "https://github.com/shuding/nextra",
              "newWindow": true,
              "title": "GitHub üêô ‚Üí",
              "type": "page",
            },
            "global-configuration": "Global Configuration",
            "middleware": "Middleware",
            "mutation": "Mutation",
            "options": "Options",
            "pagination": "Pagination",
            "prefetching": "Prefetching",
            "raw-layout": {
              "theme": {
                "layout": "raw",
              },
              "title": "Raw Layout",
            },
            "revalidation": "Auto Revalidation",
            "scroll-with-dynamic-height": "Scroll With Dynamic Height",
            "suspense": "Suspense",
            "typescript": "TypeScript :)",
            "with-nextjs": "Next.js SSG and SSR",
          },
          "name": "_meta.json",
        },
        {
          "children": [
            {
              "locale": "en-US",
              "meta": {
                "*": {
                  "theme": {
                    "footer": false,
                  },
                },
                "--- yoo": {
                  "title": "Do Not Use",
                  "type": "separator",
                },
                "cache": "Cache",
                "code-highlighting": "Code highlighting",
                "file-name.with.DOTS": "Filenames with dots",
                "markdown-import": "Markdown import",
                "more": "More: A Super Super Super Super Long Directory",
                "performance": "Performance",
                "react-native": "React Native",
              },
              "name": "_meta.json",
            },
            {
              "locale": "en-US",
              "name": "cache",
              "route": "/docs/advanced/cache",
            },
            {
              "locale": "en-US",
              "name": "code-highlighting",
              "route": "/docs/advanced/code-highlighting",
            },
            {
              "locale": "en-US",
              "name": "file-name.with.DOTS",
              "route": "/docs/advanced/file-name.with.DOTS",
            },
            {
              "locale": "en-US",
              "name": "markdown-import",
              "route": "/docs/advanced/markdown-import",
            },
            {
              "children": [
                {
                  "locale": "en-US",
                  "name": "loooooooooooooooooooong-title",
                  "route": "/docs/advanced/more/loooooooooooooooooooong-title",
                },
              ],
              "name": "more",
              "route": "/docs/advanced/more",
            },
            {
              "locale": "en-US",
              "name": "performance",
              "route": "/docs/advanced/performance",
            },
            {
              "locale": "en-US",
              "name": "react-native",
              "route": "/docs/advanced/react-native",
            },
          ],
          "name": "advanced",
          "route": "/docs/advanced",
        },
        {
          "locale": "en-US",
          "name": "advanced",
          "route": "/docs/advanced",
        },
        {
          "locale": "en-US",
          "name": "arguments",
          "route": "/docs/arguments",
        },
        {
          "locale": "en-US",
          "name": "change-log",
          "route": "/docs/change-log",
        },
        {
          "locale": "en-US",
          "name": "conditional-fetching",
          "route": "/docs/conditional-fetching",
        },
        {
          "locale": "en-US",
          "name": "data-fetching",
          "route": "/docs/data-fetching",
        },
        {
          "locale": "en-US",
          "name": "error-handling",
          "route": "/docs/error-handling",
        },
        {
          "locale": "en-US",
          "name": "getting-started",
          "route": "/docs/getting-started",
        },
        {
          "locale": "en-US",
          "name": "global-configuration",
          "route": "/docs/global-configuration",
        },
        {
          "locale": "en-US",
          "name": "middleware",
          "route": "/docs/middleware",
        },
        {
          "locale": "en-US",
          "name": "mutation",
          "route": "/docs/mutation",
        },
        {
          "locale": "en-US",
          "name": "options",
          "route": "/docs/options",
        },
        {
          "locale": "en-US",
          "name": "pagination",
          "route": "/docs/pagination",
        },
        {
          "locale": "en-US",
          "name": "prefetching",
          "route": "/docs/prefetching",
        },
        {
          "locale": "en-US",
          "name": "raw-layout",
          "route": "/docs/raw-layout",
        },
        {
          "locale": "en-US",
          "name": "revalidation",
          "route": "/docs/revalidation",
        },
        {
          "locale": "en-US",
          "name": "scroll-with-dynamic-height",
          "route": "/docs/scroll-with-dynamic-height",
        },
        {
          "locale": "en-US",
          "name": "suspense",
          "route": "/docs/suspense",
        },
        {
          "locale": "en-US",
          "name": "typescript",
          "route": "/docs/typescript",
        },
        {
          "locale": "en-US",
          "name": "with-nextjs",
          "route": "/docs/with-nextjs",
        },
      ],
      "name": "docs",
      "route": "/docs",
    },
    {
      "children": [
        {
          "locale": "en-US",
          "meta": {
            "auth": "Authentication",
            "basic": "Basic Usage",
            "error-handling": "Error Handling",
            "full": {
              "theme": {
                "layout": "raw",
              },
              "title": "Full",
            },
            "infinite-loading": "Infinite Loading",
            "ssr": "Next.js SSR",
          },
          "name": "_meta.json",
        },
        {
          "frontMatter": {
            "full": true,
            "title": "Authentication",
          },
          "locale": "en-US",
          "name": "auth",
          "route": "/examples/auth",
        },
        {
          "frontMatter": {
            "full": true,
            "title": "Basic Usage",
          },
          "locale": "en-US",
          "name": "basic",
          "route": "/examples/basic",
        },
        {
          "frontMatter": {
            "full": true,
            "title": "Error Handling",
          },
          "locale": "en-US",
          "name": "error-handling",
          "route": "/examples/error-handling",
        },
        {
          "locale": "en-US",
          "name": "full",
          "route": "/examples/full",
        },
        {
          "frontMatter": {
            "full": true,
            "title": "Infinite Loading",
          },
          "locale": "en-US",
          "name": "infinite-loading",
          "route": "/examples/infinite-loading",
        },
        {
          "frontMatter": {
            "full": true,
            "title": "Next.js SSR",
          },
          "locale": "en-US",
          "name": "ssr",
          "route": "/examples/ssr",
        },
      ],
      "name": "examples",
      "route": "/examples",
    },
    {
      "frontMatter": {
        "searchable": false,
        "title": "React Hooks for Data Fetching",
      },
      "locale": "en-US",
      "name": "index",
      "route": "/",
    },
  ],
  "/docs/data-fetching",
  "Data Fetching",
]
`;

exports[`Page Process > pageMap zh-CN 1`] = `
[
  [
    {
      "locale": "zh-CN",
      "meta": {
        "blog": {
          "title": "ÂçöÂÆ¢",
          "type": "page",
        },
        "docs": {
          "title": "ÊñáÊ°£",
          "type": "page",
        },
        "examples": {
          "title": "Á§∫‰æã",
          "type": "page",
        },
        "index": {
          "hidden": true,
          "title": "ÁÆÄ‰ªã",
          "type": "page",
        },
      },
      "name": "_meta.json",
    },
    {
      "children": [
        {
          "locale": "en-US",
          "meta": {
            "a-page": {
              "hidden": true,
              "theme": {
                "layout": "raw",
              },
              "title": "A Page",
              "type": "page",
            },
            "acknowledgement": "üß© Acknowledgement",
            "team": "üë• Team",
          },
          "name": "_meta.json",
        },
        {
          "locale": "en-US",
          "name": "a-page",
          "route": "/about/a-page",
        },
        {
          "locale": "en-US",
          "name": "acknowledgement",
          "route": "/about/acknowledgement",
        },
        {
          "locale": "en-US",
          "name": "team",
          "route": "/about/team",
        },
      ],
      "name": "about",
      "route": "/about",
    },
    {
      "children": [
        {
          "locale": "zh-CN",
          "meta": {
            "swr-v1": "SWR 1.0 ÂèëÂ∏É",
          },
          "name": "_meta.json",
        },
        {
          "frontMatter": {
            "description": "Â§ßÁ∫¶‰∏§Âπ¥ÂâçÔºåÊàë‰ª¨ÂºÄÊ∫ê‰∫Ü SWRÔºåÂ§ßÂÆ∂ÂñúÁà±ÁöÑÂ∞èÂûãÊï∞ÊçÆËØ∑Ê±Ç React Â∫ì„ÄÇ‰ªäÂ§©ÔºåÊàë‰ª¨ËøéÊù•‰∫ÜÂè¶‰∏Ä‰∏™ÈáåÁ®ãÁ¢ëÔºöSWR 1.0 ÁâàÊú¨ÂèëÂ∏É„ÄÇ",
            "image": "https://assets.vercel.com/image/upload/v1630059453/swr/v1.png",
          },
          "locale": "zh-CN",
          "name": "swr-v1",
          "route": "/blog/swr-v1",
        },
      ],
      "name": "blog",
      "route": "/blog",
    },
    {
      "children": [
        {
          "locale": "zh-CN",
          "meta": {
            "advanced": "È´òÁ∫ß",
            "arguments": "‰º†ÂÖ•ÂèÇÊï∞",
            "change-log": "Êõ¥Êñ∞Êó•Âøó",
            "conditional-fetching": "Êù°‰ª∂Êï∞ÊçÆËØ∑Ê±Ç",
            "data-fetching": "Êï∞ÊçÆËØ∑Ê±Ç",
            "error-handling": "ÈîôËØØÂ§ÑÁêÜ",
            "getting-started": "ÂÖ•Èó®",
            "global-configuration": "ÂÖ®Â±ÄÈÖçÁΩÆ",
            "middleware": "‰∏≠Èó¥‰ª∂",
            "mutation": "Êï∞ÊçÆÊõ¥Êîπ",
            "options": "ÈÄâÈ°π",
            "pagination": "ÂàÜÈ°µ",
            "prefetching": "È¢ÑËØ∑Ê±Ç",
            "revalidation": "Ëá™Âä®ÈáçÊñ∞ËØ∑Ê±Ç",
            "scroll-with-dynamic-height": "‰ª•ÂãïÊÖãÈ´òÂ∫¶ÊªæÂãï",
            "suspense": "Suspense",
            "typescript": "Typescript",
            "with-nextjs": "Next.js SSG Âíå SSR",
          },
          "name": "_meta.json",
        },
        {
          "children": [
            {
              "locale": "zh-CN",
              "meta": {
                "cache": "ÁºìÂ≠ò",
                "file-name.with.DOTS": "Â∏¶ÁÇπÁöÑÊñá‰ª∂Âêç",
                "performance": "ÊÄßËÉΩ",
                "react-native": "React Native",
              },
              "name": "_meta.json",
            },
            {
              "locale": "zh-CN",
              "name": "cache",
              "route": "/docs/advanced/cache",
            },
            {
              "locale": "zh-CN",
              "name": "file-name.with.DOTS",
              "route": "/docs/advanced/file-name.with.DOTS",
            },
            {
              "children": [
                {
                  "locale": "en-US",
                  "name": "loooooooooooooooooooong-title",
                  "route": "/docs/advanced/more/loooooooooooooooooooong-title",
                },
              ],
              "name": "more",
              "route": "/docs/advanced/more",
            },
            {
              "locale": "zh-CN",
              "name": "performance",
              "route": "/docs/advanced/performance",
            },
            {
              "locale": "zh-CN",
              "name": "react-native",
              "route": "/docs/advanced/react-native",
            },
            {
              "locale": "en-US",
              "name": "code-highlighting",
              "route": "/docs/advanced/code-highlighting",
            },
            {
              "locale": "en-US",
              "name": "markdown-import",
              "route": "/docs/advanced/markdown-import",
            },
          ],
          "name": "advanced",
          "route": "/docs/advanced",
        },
        {
          "locale": "zh-CN",
          "name": "arguments",
          "route": "/docs/arguments",
        },
        {
          "locale": "zh-CN",
          "name": "change-log",
          "route": "/docs/change-log",
        },
        {
          "locale": "zh-CN",
          "name": "conditional-fetching",
          "route": "/docs/conditional-fetching",
        },
        {
          "locale": "zh-CN",
          "name": "data-fetching",
          "route": "/docs/data-fetching",
        },
        {
          "locale": "zh-CN",
          "name": "error-handling",
          "route": "/docs/error-handling",
        },
        {
          "locale": "zh-CN",
          "name": "getting-started",
          "route": "/docs/getting-started",
        },
        {
          "locale": "zh-CN",
          "name": "global-configuration",
          "route": "/docs/global-configuration",
        },
        {
          "locale": "zh-CN",
          "name": "middleware",
          "route": "/docs/middleware",
        },
        {
          "locale": "zh-CN",
          "name": "mutation",
          "route": "/docs/mutation",
        },
        {
          "locale": "zh-CN",
          "name": "options",
          "route": "/docs/options",
        },
        {
          "locale": "zh-CN",
          "name": "pagination",
          "route": "/docs/pagination",
        },
        {
          "locale": "zh-CN",
          "name": "prefetching",
          "route": "/docs/prefetching",
        },
        {
          "locale": "zh-CN",
          "name": "revalidation",
          "route": "/docs/revalidation",
        },
        {
          "locale": "zh-CN",
          "name": "scroll-with-dynamic-height",
          "route": "/docs/scroll-with-dynamic-height",
        },
        {
          "locale": "zh-CN",
          "name": "suspense",
          "route": "/docs/suspense",
        },
        {
          "locale": "zh-CN",
          "name": "with-nextjs",
          "route": "/docs/with-nextjs",
        },
        {
          "locale": "en-US",
          "name": "404-500",
          "route": "/docs/404-500",
        },
        {
          "locale": "en-US",
          "name": "advanced",
          "route": "/docs/advanced",
        },
        {
          "locale": "en-US",
          "name": "raw-layout",
          "route": "/docs/raw-layout",
        },
        {
          "locale": "en-US",
          "name": "typescript",
          "route": "/docs/typescript",
        },
      ],
      "name": "docs",
      "route": "/docs",
    },
    {
      "children": [
        {
          "locale": "zh-CN",
          "meta": {
            "auth": "Ë∫´‰ªΩÈ™åËØÅ",
            "basic": "Âü∫Êú¨Áî®Ê≥ï",
            "error-handling": "ÈîôËØØÂ§ÑÁêÜ",
            "infinite-loading": "Êó†ÈôêÂä†ËΩΩ",
            "ssr": "Next.js SSR",
          },
          "name": "_meta.json",
        },
        {
          "frontMatter": {
            "full": true,
            "title": "Ë∫´‰ªΩÈ™åËØÅ",
          },
          "locale": "zh-CN",
          "name": "auth",
          "route": "/examples/auth",
        },
        {
          "frontMatter": {
            "full": true,
            "title": "Âü∫Êú¨Áî®Ê≥ï",
          },
          "locale": "zh-CN",
          "name": "basic",
          "route": "/examples/basic",
        },
        {
          "frontMatter": {
            "full": true,
            "title": "ÈîôËØØÂ§ÑÁêÜ",
          },
          "locale": "zh-CN",
          "name": "error-handling",
          "route": "/examples/error-handling",
        },
        {
          "frontMatter": {
            "full": true,
            "title": "Êó†ÈôêÂä†ËΩΩ",
          },
          "locale": "zh-CN",
          "name": "infinite-loading",
          "route": "/examples/infinite-loading",
        },
        {
          "locale": "en-US",
          "name": "full",
          "route": "/examples/full",
        },
        {
          "frontMatter": {
            "full": true,
            "title": "Next.js SSR",
          },
          "locale": "en-US",
          "name": "ssr",
          "route": "/examples/ssr",
        },
      ],
      "name": "examples",
      "route": "/examples",
    },
    {
      "frontMatter": {
        "title": "Áî®‰∫éÊï∞ÊçÆËØ∑Ê±ÇÁöÑ React Hooks Â∫ì",
      },
      "locale": "zh-CN",
      "name": "index",
      "route": "/",
    },
    {
      "locale": "",
      "name": "404",
      "route": "/404",
    },
    {
      "locale": "",
      "name": "500",
      "route": "/500",
    },
    {
      "frontMatter": {
        "searchable": false,
      },
      "locale": "en-US",
      "name": "blog",
      "route": "/blog",
    },
  ],
  "/docs/data-fetching",
  "Êï∞ÊçÆËØ∑Ê±Ç",
]
`;
